{(./AreSameSize_But_Diff/e, ./AreSameSize_But_Diff/f), (./AreSameSize_But_Diff/f, ./AreSameSize_But_Diff/e)}