{(./AreSame/a, ./AreSame/b), (./AreSame/b, ./AreSame/a)}